--------------------------------------------------------------------------------------
Timing Analyzer Summary
--------------------------------------------------------------------------------------

Type           : Worst-case tsu
Slack          : N/A
Required Time  : None
Actual Time    : 5.135 ns
From           : address[0]
To             : ROM:inst|lpm_rom0:inst|altsyncram:altsyncram_component|altsyncram_gb71:auto_generated|ram_block1a0~porta_address_reg5
From Clock     : --
To Clock       : CLK
Failed Paths   : 0

Type           : Worst-case tco
Slack          : N/A
Required Time  : None
Actual Time    : 12.551 ns
From           : buffer:inst1|lpm_dff0:inst3|lpm_ff:lpm_ff_component|dffs[1]
To             : data[1]
From Clock     : CLK
To Clock       : --
Failed Paths   : 0

Type           : Worst-case tpd
Slack          : N/A
Required Time  : None
Actual Time    : 8.815 ns
From           : start
To             : data[1]
From Clock     : --
To Clock       : --
Failed Paths   : 0

Type           : Worst-case th
Slack          : N/A
Required Time  : None
Actual Time    : 3.808 ns
From           : ROM/RAM
To             : RAM:inst2|inst6
From Clock     : --
To Clock       : CLK
Failed Paths   : 0

Type           : Clock Setup: 'CLK'
Slack          : N/A
Required Time  : None
Actual Time    : 149.63 MHz ( period = 6.683 ns )
From           : buffer:inst1|lpm_dff0:inst3|lpm_ff:lpm_ff_component|dffs[4]
To             : RAM:inst2|lpm_ram_dq0:inst|altsyncram:altsyncram_component|altsyncram_6sb1:auto_generated|ram_block1a0~porta_datain_reg4
From Clock     : CLK
To Clock       : CLK
Failed Paths   : 0

Type           : Clock Setup: 'start'
Slack          : N/A
Required Time  : None
Actual Time    : Restricted to 500.00 MHz ( period = 2.000 ns )
From           : buffer:inst1|inst8
To             : buffer:inst1|inst8
From Clock     : start
To Clock       : start
Failed Paths   : 0

Type           : Clock Setup: 'ROM/RAM'
Slack          : N/A
Required Time  : None
Actual Time    : Restricted to 500.00 MHz ( period = 2.000 ns )
From           : RAM:inst2|inst6
To             : RAM:inst2|inst6
From Clock     : ROM/RAM
To Clock       : ROM/RAM
Failed Paths   : 0

Type           : Clock Hold: 'CLK'
Slack          : Not operational: Clock Skew > Data Delay
Required Time  : None
Actual Time    : N/A
From           : RAM:inst2|lpm_ram_dq0:inst|altsyncram:altsyncram_component|altsyncram_6sb1:auto_generated|q_a[4]
To             : buffer:inst1|lpm_dff0:inst6|lpm_ff:lpm_ff_component|dffs[4]
From Clock     : CLK
To Clock       : CLK
Failed Paths   : 242

Type           : Total number of failed paths
Slack          : 
Required Time  : 
Actual Time    : 
From           : 
To             : 
From Clock     : 
To Clock       : 
Failed Paths   : 242

--------------------------------------------------------------------------------------

