--------------------------------------------------------------------------------------
Timing Analyzer Summary
--------------------------------------------------------------------------------------

Type           : Worst-case tco
Slack          : N/A
Required Time  : None
Actual Time    : 18.384 ns
From           : master1:inst1|inst30
To             : FIN
From Clock     : CLK
To Clock       : --
Failed Paths   : 0

Type           : Clock Setup: 'CLK'
Slack          : N/A
Required Time  : None
Actual Time    : 70.46 MHz ( period = 14.193 ns )
From           : Arbiter:inst11|inst30
To             : Arbiter:inst11|lpm_counter0:inst4|lpm_counter:lpm_counter_component|cntr_ljl:auto_generated|safe_q[1]
From Clock     : CLK
To Clock       : CLK
Failed Paths   : 0

Type           : Clock Hold: 'CLK'
Slack          : Not operational: Clock Skew > Data Delay
Required Time  : None
Actual Time    : N/A
From           : Arbiter:inst11|lpm_counter0:inst4|lpm_counter:lpm_counter_component|cntr_ljl:auto_generated|safe_q[2]
To             : Arbiter:inst11|inst30
From Clock     : CLK
To Clock       : CLK
Failed Paths   : 136

Type           : Total number of failed paths
Slack          : 
Required Time  : 
Actual Time    : 
From           : 
To             : 
From Clock     : 
To Clock       : 
Failed Paths   : 136

--------------------------------------------------------------------------------------

